[materialadmin.thememinister.com/admin/index.html]
[backblue.gif]
[fade.gif]
[index.html]
[materialadmin.thememinister.com/admin/assets/dist/img/ico/fav.png]
[materialadmin.thememinister.com/admin/assets/plugins/jquery-ui-1.12.1/jquery-ui.min.css]
[materialadmin.thememinister.com/admin/assets/plugins/materialize/css/materialize.min.css]
[materialadmin.thememinister.com/admin/assets/bootstrap/css/bootstrap.min.css]
[materialadmin.thememinister.com/admin/assets/plugins/animate/animate.css]
[materialadmin.thememinister.com/admin/assets/font-awesome/css/font-awesome.min.css]
[materialadmin.thememinister.com/admin/assets/plugins/monthly/monthly.css]
[materialadmin.thememinister.com/admin/assets/plugins/simplebar/dist/simplebar.css]
[materialadmin.thememinister.com/admin/assets/plugins/malihu-custom-scrollbar/jquery.mCustomScrollbar.css]
[materialadmin.thememinister.com/admin/assets/dist/css/stylematerial.css]
[materialadmin.thememinister.com/admin/assets/dist/img/logo3.png]
[materialadmin.thememinister.com/admin/assets/dist/img/avatar4.png]
[materialadmin.thememinister.com/admin/assets/dist/img/avatar3.png]
[materialadmin.thememinister.com/admin/assets/dist/img/avatar2.png]
[materialadmin.thememinister.com/admin/assets/dist/img/avatar5.png]
[materialadmin.thememinister.com/admin/mailbox.html]
[materialadmin.thememinister.com/admin/mailDetails.html]
[materialadmin.thememinister.com/admin/compose.html]
[materialadmin.thememinister.com/admin/forms_basic.html]
[materialadmin.thememinister.com/admin/form_file_upload.html]
[materialadmin.thememinister.com/admin/forms_editor_ck.html]
[materialadmin.thememinister.com/admin/forms_emoji.html]
[materialadmin.thememinister.com/admin/table.html]
[materialadmin.thememinister.com/admin/dataTables.html]
[materialadmin.thememinister.com/admin/buttons.html]
[materialadmin.thememinister.com/admin/tabs.html]
[materialadmin.thememinister.com/admin/notification.html]
[materialadmin.thememinister.com/admin/tree-view.html]
[materialadmin.thememinister.com/admin/progressbars.html]
[materialadmin.thememinister.com/admin/typography.html]
[materialadmin.thememinister.com/admin/modals.html]
[materialadmin.thememinister.com/admin/icheck_toggle_pagination.html]
[materialadmin.thememinister.com/admin/featurediscovery.html]
[materialadmin.thememinister.com/admin/color.html]
[materialadmin.thememinister.com/admin/tooltip.html]
[materialadmin.thememinister.com/admin/timeline.html]
[materialadmin.thememinister.com/admin/quote.html]
[materialadmin.thememinister.com/admin/note.html]
[materialadmin.thememinister.com/admin/image_gellary.html]
[materialadmin.thememinister.com/admin/carousel.html]
[materialadmin.thememinister.com/admin/maps_data.html]
[materialadmin.thememinister.com/admin/maps_jvector.html]
[materialadmin.thememinister.com/admin/maps_google.html]
[materialadmin.thememinister.com/admin/charts_flot.html]
[materialadmin.thememinister.com/admin/charts_sparkline.html]
[materialadmin.thememinister.com/admin/icons_bootstrap.html]
[materialadmin.thememinister.com/admin/calender.html]
[materialadmin.thememinister.com/admin/icons_material.html]
[materialadmin.thememinister.com/admin/login.html]
[materialadmin.thememinister.com/admin/widget.html]
[materialadmin.thememinister.com/admin/icons_fontawesome.html]
[materialadmin.thememinister.com/admin/register.html]
[materialadmin.thememinister.com/admin/forget_password.html]
[materialadmin.thememinister.com/admin/404.html]
[materialadmin.thememinister.com/admin/505.html]
[materialadmin.thememinister.com/admin/assets/dist/img/avatar.png]
[materialadmin.thememinister.com/admin/gridsystem.html]
[materialadmin.thememinister.com/admin/assets/bootstrap/js/bootstrap.min.js]
[materialadmin.thememinister.com/admin/assets/plugins/metismenu-master/dist/metisMenu.min.js]
[materialadmin.thememinister.com/admin/assets/plugins/jQuery/jquery-3.2.1.min.js]
[materialadmin.thememinister.com/admin/assets/plugins/slimScroll/jquery.slimscroll.min.js]
[materialadmin.thememinister.com/admin/assets/plugins/simplebar/dist/simplebar.js]
[materialadmin.thememinister.com/admin/assets/plugins/malihu-custom-scrollbar/jquery.mCustomScrollbar.concat.min.js]
[materialadmin.thememinister.com/admin/assets/plugins/materialize/js/materialize.min.js]
[materialadmin.thememinister.com/admin/assets/dist/js/custom.js]
[materialadmin.thememinister.com/admin/assets/plugins/jquery-ui-1.12.1/jquery-ui.min.js]
[materialadmin.thememinister.com/admin/assets/plugins/sparkline/sparkline.min.js]
[materialadmin.thememinister.com/admin/assets/plugins/counterup/jquery.counterup.min.js]
[materialadmin.thememinister.com/admin/index.html]
[materialadmin.thememinister.com/admin/assets/plugins/monthly/monthly.js]
[materialadmin.thememinister.com/admin/assets/dist/js/main.js]
[materialadmin.thememinister.com/admin/assets/plugins/chartJs/Chart.min.js]
[fonts.googleapis.com/icone91f.css]
[materialadmin.thememinister.com/admin/maildetails-2.html]
[materialadmin.thememinister.com/admin/mailbox.html]
[materialadmin.thememinister.com/admin/mailDetails.html]
[materialadmin.thememinister.com/admin/compose.html]
[materialadmin.thememinister.com/admin/forms_basic.html]
[materialadmin.thememinister.com/admin/assets/plugins/dropzone/dropzone.min.css]
[materialadmin.thememinister.com/admin/forms_editor_summernote.html]
[materialadmin.thememinister.com/admin/form_file_upload.html]
[materialadmin.thememinister.com/admin/assets/plugins/dropzone/dropzone.min.js]
[materialadmin.thememinister.com/admin/editor1]
[materialadmin.thememinister.com/admin/forms_editor_ck.html]
[materialadmin.thememinister.com/admin/assets/plugins/mervick-emojionearea/dist/emojionearea.min.css]
[materialadmin.thememinister.com/admin/assets/plugins/jQuery-tagEditor/jquery.tag-editor.css]
[materialadmin.thememinister.com/admin/assets/plugins/jQuery-tagEditor/jquery.caret.min.js]
[materialadmin.thememinister.com/admin/assets/plugins/mervick-emojionearea/dist/emojionearea.min.js]
[materialadmin.thememinister.com/admin/forms_emoji.html]
[materialadmin.thememinister.com/admin/assets/plugins/jQuery-tagEditor/jquery.tag-editor.js]
[materialadmin.thememinister.com/admin/assets/plugins/datatables/dataTables.min.css]
[materialadmin.thememinister.com/admin/table.html]
[materialadmin.thememinister.com/admin/assets/plugins/tabellajs/dist/assets/css/tabella.css]
[materialadmin.thememinister.com/admin/assets/plugins/ckeditor/ckeditor.js]
[materialadmin.thememinister.com/admin/datatable.html]
[materialadmin.thememinister.com/admin/dataTables.html]
[materialadmin.thememinister.com/admin/buttons.html]
[materialadmin.thememinister.com/admin/tabs.html]
[materialadmin.thememinister.com/admin/assets/plugins/notify/css/notify.css]
[materialadmin.thememinister.com/admin/assets/plugins/tabellajs/dist/tabella.js]
[materialadmin.thememinister.com/admin/assets/plugins/notify/css/prettify.css]
[materialadmin.thememinister.com/admin/assets/plugins/iziToast/dist/css/iziToast.min.css]
[materialadmin.thememinister.com/admin/assets/plugins/sweetalert2/dist/sweetalert2.min.css]
[materialadmin.thememinister.com/admin/assets/plugins/NotificationStyles/css/demo.css]
[materialadmin.thememinister.com/admin/assets/plugins/NotificationStyles/css/ns-default.css]
[materialadmin.thememinister.com/admin/assets/plugins/NotificationStyles/css/ns-style-growl.css]
[materialadmin.thememinister.com/admin/assets/plugins/NotificationStyles/css/ns-style-attached.css]
[materialadmin.thememinister.com/admin/assets/plugins/NotificationStyles/css/ns-style-bar.css]
[materialadmin.thememinister.com/admin/assets/plugins/NotificationStyles/css/ns-style-other.css]
[materialadmin.thememinister.com/admin/assets/plugins/toastr/toastr.css]
[materialadmin.thememinister.com/admin/assets/plugins/pnotify/pnotify.custom.min.js]
[materialadmin.thememinister.com/admin/assets/plugins/sweetalert2/dist/sweetalert2.min.js]
[materialadmin.thememinister.com/admin/assets/plugins/notify/js/notify.js]
[materialadmin.thememinister.com/admin/assets/plugins/notify/js/prettify.js]
[materialadmin.thememinister.com/admin/assets/plugins/iziToast/dist/js/iziToast.min.js]
[materialadmin.thememinister.com/admin/assets/plugins/NotificationStyles/js/modernizr.custom.js]
[materialadmin.thememinister.com/admin/assets/plugins/NotificationStyles/js/classie.js]
[materialadmin.thememinister.com/admin/assets/plugins/NotificationStyles/js/notificationFx.js]
[materialadmin.thememinister.com/admin/notification.html]
[materialadmin.thememinister.com/admin/assets/plugins/toastr/toastr.min.js]
[materialadmin.thememinister.com/admin/tree-view.html]
[materialadmin.thememinister.com/admin/progressbars.html]
[materialadmin.thememinister.com/admin/typography.html]
[materialadmin.thememinister.com/admin/assets/plugins/tree-view/tree-view.min.js]
[materialadmin.thememinister.com/admin/assets/plugins/tingle/dist/tingle.css]
[materialadmin.thememinister.com/admin/assets/plugins/NotificationStyles/js/snap.svg-min.js]
[materialadmin.thememinister.com/admin/assets/plugins/ssi-modal/ssi-modal.css]
[placehold.it/700x400.png]
[materialadmin.thememinister.com/admin/assets/plugins/tingle/dist/tingle.js]
[materialadmin.thememinister.com/admin/modals.html]
[materialadmin.thememinister.com/admin/assets/plugins/ssi-modal/ssi-modal.min.js]
[materialadmin.thememinister.com/admin/assets/plugins/bootstrap-toggle/css/bootstrap-toggle.min.css]
[materialadmin.thememinister.com/admin/icheck_toggle_pagination.html]
[materialadmin.thememinister.com/admin/featurediscovery.html]
[materialadmin.thememinister.com/admin/color.html]
[materialadmin.thememinister.com/admin/assets/plugins/bootstrap-toggle/js/bootstrap-toggle.min.js]
[materialadmin.thememinister.com/admin/assets/plugins/datatables/dataTables.min.js]
[materialadmin.thememinister.com/admin/tooltip.html]
[materialadmin.thememinister.com/admin/timeline.html]
[materialadmin.thememinister.com/admin/quote.html]
[materialadmin.thememinister.com/admin/note.html]
[materialadmin.thememinister.com/admin/assets/plugins/tooltipsy/tooltipsy.min.js]
[materialadmin.thememinister.com/admin/assets/plugins/images-grid/src/images-grid.css]
[materialadmin.thememinister.com/admin/assets/plugins/lightbox2/dist/css/lightbox.min.css]
[materialadmin.thememinister.com/admin/assets/dist/img/imgs/1.jpg]
[materialadmin.thememinister.com/admin/assets/dist/img/imgs/2.jpg]
[materialadmin.thememinister.com/admin/assets/dist/img/imgs/3.jpg]
[materialadmin.thememinister.com/admin/assets/dist/img/imgs/4.jpg]
[materialadmin.thememinister.com/admin/assets/dist/img/imgs/5.jpg]
[materialadmin.thememinister.com/admin/assets/dist/img/imgs/6.jpg]
[materialadmin.thememinister.com/admin/assets/dist/img/imgs/7.jpg]
[materialadmin.thememinister.com/admin/assets/plugins/images-grid/src/images-grid.js]
[materialadmin.thememinister.com/admin/image_gellary.html]
[materialadmin.thememinister.com/admin/assets/plugins/lightbox2/dist/js/lightbox-plus-jquery.min.js]
[materialadmin.thememinister.com/admin/assets/plugins/OwlCarousel2/dist/assets/owl.carousel.min.css]
[materialadmin.thememinister.com/admin/assets/plugins/OwlCarousel2/dist/assets/owl.theme.default.css]
[materialadmin.thememinister.com/admin/assets/plugins/jquery-bxslider/jquery.bxslider.css]
[materialadmin.thememinister.com/admin/carousel.html]
[materialadmin.thememinister.com/admin/assets/plugins/jquery-bxslider/jquery.bxslider.min.js]
[materialadmin.thememinister.com/admin/assets/plugins/OwlCarousel2/dist/owl.carousel.min.js]
[materialadmin.thememinister.com/admin/assets/plugins/datamaps/topojson.min.js]
[materialadmin.thememinister.com/admin/assets/plugins/datamaps/d3.min.js]
[materialadmin.thememinister.com/admin/maps_data.html]
[materialadmin.thememinister.com/admin/assets/plugins/datamaps/datamaps.all.min.js]
[materialadmin.thememinister.com/admin/assets/plugins/jvectormap/jquery-jvectormap-2.0.3.css]
[materialadmin.thememinister.com/admin/assets/plugins/jvectormap/jquery-jvectormap-2.0.3.min.js]
[materialadmin.thememinister.com/admin/assets/plugins/jvectormap/jquery-jvectormap-world-mill-en.js]
[materialadmin.thememinister.com/admin/assets/plugins/jvectormap/jquery-jvectormap-asia-mill.js]
[materialadmin.thememinister.com/admin/maps_jvector.html]
[materialadmin.thememinister.com/admin/maps_google.html]
[materialadmin.thememinister.com/admin/assets/plugins/flot/jquery.flot.min.js]
[materialadmin.thememinister.com/admin/assets/plugins/jvectormap/jquery-jvectormap-europe-mill.js]
[materialadmin.thememinister.com/admin/charts_flot.html]
[materialadmin.thememinister.com/admin/assets/plugins/flot/jquery.flot.pie.min.js]
[materialadmin.thememinister.com/admin/assets/plugins/fullcalendar/fullcalendar.min.css]
[materialadmin.thememinister.com/admin/charts_sparkline.html]
[materialadmin.thememinister.com/admin/icons_bootstrap.html]
[materialadmin.thememinister.com/admin/icons_fontawesome.html]
[materialadmin.thememinister.com/admin/icons_material.html]
[materialadmin.thememinister.com/admin/assets/plugins/fullcalendar/fullcalendar.print.min.css]
[materialadmin.thememinister.com/admin/assets/plugins/fullcalendar/lib/moment.min.js]
[materialadmin.thememinister.com/admin/calender.html]
[materialadmin.thememinister.com/admin/assets/dist/img/bac.jpg]
[materialadmin.thememinister.com/admin/assets/plugins/fullcalendar/fullcalendar.min.js]
[materialadmin.thememinister.com/admin/widget.html]
[materialadmin.thememinister.com/admin/assets/img/ico/favicon.png]
[materialadmin.thememinister.com/admin/login.html]
[materialadmin.thememinister.com/admin/register.html]
[materialadmin.thememinister.com/admin/forget_password.html]
[materialadmin.thememinister.com/admin/404.html]
[materialadmin.thememinister.com/admin/505.html]
[materialadmin.thememinister.com/admin/grid.98.delayed]
[materialadmin.thememinister.com/admin/gridsystem.html]
[materialadmin.thememinister.com/admin/maildetails-2.html]
[materialadmin.thememinister.com/admin/forms_editor_summernote.html]
[materialadmin.thememinister.com/admin/editor1.html]
[materialadmin.thememinister.com/admin/datatable.html]
[fonts.googleapis.com/css08e5.css]
[materialadmin.thememinister.com/admin/grid.html]
[materialadmin.thememinister.com/admin/assets/dist/img/logo3.png]
[materialadmin.thememinister.com/admin/assets/dist/img/avatar4.png]
[materialadmin.thememinister.com/admin/assets/plugins/jquery-ui-1.12.1/images/ui-icons_444444_256x240.png]
[materialadmin.thememinister.com/admin/assets/dist/img/avatar3.png]
[materialadmin.thememinister.com/admin/assets/plugins/jquery-ui-1.12.1/images/ui-icons_555555_256x240.png]
[materialadmin.thememinister.com/admin/assets/plugins/jquery-ui-1.12.1/images/ui-icons_ffffff_256x240.png]
[materialadmin.thememinister.com/admin/assets/dist/img/avatar2.png]
[materialadmin.thememinister.com/admin/assets/dist/img/avatar5.png]
[materialadmin.thememinister.com/admin/assets/plugins/jquery-ui-1.12.1/images/ui-icons_777620_256x240.png]
[materialadmin.thememinister.com/admin/assets/dist/img/avatar.png]
[materialadmin.thememinister.com/admin/assets/plugins/jquery-ui-1.12.1/images/ui-icons_cc0000_256x240.png]
[materialadmin.thememinister.com/admin/assets/plugins/jQuery/jquery-3.2.1.min.js]
[materialadmin.thememinister.com/admin/assets/plugins/jquery-ui-1.12.1/jquery-ui.min.js]
[materialadmin.thememinister.com/admin/assets/plugins/jquery-ui-1.12.1/images/ui-icons_777777_256x240.png]
[materialadmin.thememinister.com/admin/assets/bootstrap/js/bootstrap.min.js]
[materialadmin.thememinister.com/admin/assets/plugins/jquery-ui-1.12.1/jquery-ui.min.css]
[materialadmin.thememinister.com/admin/assets/plugins/materialize/js/materialize.min.js]
[materialadmin.thememinister.com/admin/assets/plugins/materialize/fonts/roboto/Roboto-Thin.eot]
[materialadmin.thememinister.com/admin/assets/plugins/materialize/fonts/roboto/Roboto-Thin.ttf]
[materialadmin.thememinister.com/admin/assets/plugins/materialize/fonts/roboto/Roboto-Thin.woff]
[materialadmin.thememinister.com/admin/assets/plugins/materialize/fonts/roboto/Roboto-Light.eot]
[materialadmin.thememinister.com/admin/assets/plugins/materialize/fonts/roboto/Roboto-Light.ttf]
[materialadmin.thememinister.com/admin/assets/plugins/materialize/fonts/roboto/Roboto-Light.woff]
[materialadmin.thememinister.com/admin/assets/plugins/materialize/fonts/roboto/Roboto-Regular.eot]
[materialadmin.thememinister.com/admin/assets/plugins/metismenu-master/dist/metisMenu.min.js]
[materialadmin.thememinister.com/admin/assets/plugins/slimScroll/jquery.slimscroll.min.js]
[materialadmin.thememinister.com/admin/assets/plugins/malihu-custom-scrollbar/jquery.mCustomScrollbar.concat.min.js]
[materialadmin.thememinister.com/admin/assets/plugins/materialize/fonts/roboto/Roboto-Regular.ttf]
[materialadmin.thememinister.com/admin/assets/plugins/simplebar/dist/simplebar.js]
[materialadmin.thememinister.com/admin/assets/plugins/materialize/fonts/roboto/Roboto-Medium.eot]
[materialadmin.thememinister.com/admin/assets/dist/js/custom.js]
[materialadmin.thememinister.com/admin/assets/plugins/sparkline/sparkline.min.js]
[materialadmin.thememinister.com/admin/assets/plugins/materialize/fonts/roboto/Roboto-Regular.woff]
[materialadmin.thememinister.com/admin/assets/plugins/counterup/jquery.counterup.min.js]
[materialadmin.thememinister.com/admin/assets/plugins/chartJs/Chart.min.js]
[materialadmin.thememinister.com/admin/assets/plugins/monthly/monthly.js]
[materialadmin.thememinister.com/admin/assets/plugins/materialize/fonts/roboto/Roboto-Mediumd41d.eot]
[materialadmin.thememinister.com/admin/assets/dist/js/main.js]
[materialadmin.thememinister.com/admin/assets/plugins/materialize/fonts/roboto/Roboto-Medium.ttf]
[materialadmin.thememinister.com/admin/assets/plugins/dropzone/dropzone.min.js]
[materialadmin.thememinister.com/admin/assets/plugins/materialize/fonts/roboto/Roboto-Bold.eot]
[materialadmin.thememinister.com/admin/assets/plugins/ckeditor/ckeditor.js]
[materialadmin.thememinister.com/admin/assets/plugins/mervick-emojionearea/dist/emojionearea.min.js]
[materialadmin.thememinister.com/admin/assets/plugins/materialize/fonts/roboto/Roboto-Medium.woff]
[materialadmin.thememinister.com/admin/assets/plugins/jQuery-tagEditor/jquery.caret.min.js]
[materialadmin.thememinister.com/admin/assets/plugins/jQuery-tagEditor/jquery.tag-editor.js]
[materialadmin.thememinister.com/admin/assets/plugins/datatables/dataTables.min.js]
[materialadmin.thememinister.com/admin/assets/plugins/materialize/fonts/roboto/Roboto-Bold.ttf]
[materialadmin.thememinister.com/admin/assets/plugins/materialize/fonts/roboto/Roboto-Boldd41d.eot]
[materialadmin.thememinister.com/admin/assets/plugins/materialize/css/materialize.min.css]
[materialadmin.thememinister.com/admin/assets/plugins/tabellajs/dist/tabella.js]
[materialadmin.thememinister.com/admin/assets/bootstrap/fonts/glyphicons-halflings-regular.eot]
[materialadmin.thememinister.com/admin/assets/plugins/materialize/fonts/roboto/Roboto-Bold.woff]
[materialadmin.thememinister.com/admin/assets/plugins/pnotify/pnotify.custom.min.js]
[materialadmin.thememinister.com/admin/assets/plugins/sweetalert2/dist/sweetalert2.min.js]
[materialadmin.thememinister.com/admin/assets/bootstrap/fonts/glyphicons-halflings-regulard41d.eot]
[materialadmin.thememinister.com/admin/assets/plugins/notify/js/notify.js]
[materialadmin.thememinister.com/admin/assets/bootstrap/fonts/glyphicons-halflings-regular.ttf]
[materialadmin.thememinister.com/admin/assets/plugins/notify/js/prettify.js]
[materialadmin.thememinister.com/admin/assets/bootstrap/fonts/glyphicons-halflings-regular.svg]
[materialadmin.thememinister.com/admin/assets/bootstrap/css/bootstrap.min.css]
[materialadmin.thememinister.com/admin/assets/bootstrap/fonts/glyphicons-halflings-regular.woff]
[materialadmin.thememinister.com/admin/assets/plugins/animate/animate.css]
[materialadmin.thememinister.com/admin/assets/plugins/iziToast/dist/js/iziToast.min.js]
[materialadmin.thememinister.com/admin/assets/plugins/NotificationStyles/js/modernizr.custom.js]
[materialadmin.thememinister.com/admin/assets/plugins/NotificationStyles/js/classie.js]
[materialadmin.thememinister.com/admin/assets/plugins/NotificationStyles/js/notificationFx.js]
[materialadmin.thememinister.com/admin/assets/plugins/NotificationStyles/js/snap.svg-min.js]
[materialadmin.thememinister.com/admin/assets/font-awesome/fonts/fontawesome-webfont3e6e.ttf]
[materialadmin.thememinister.com/admin/assets/font-awesome/fonts/fontawesome-webfont3e6e.eot]
[materialadmin.thememinister.com/admin/assets/font-awesome/fonts/fontawesome-webfontd41d.eot]
[materialadmin.thememinister.com/admin/assets/font-awesome/css/font-awesome.min.css]
[materialadmin.thememinister.com/admin/assets/plugins/toastr/toastr.min.js]
[materialadmin.thememinister.com/admin/assets/plugins/monthly/monthly.css]
[materialadmin.thememinister.com/admin/assets/plugins/tree-view/tree-view.min.js]
[materialadmin.thememinister.com/admin/assets/plugins/simplebar/dist/simplebar.css]
[materialadmin.thememinister.com/admin/assets/font-awesome/fonts/fontawesome-webfont3e6e.svg]
[materialadmin.thememinister.com/admin/assets/font-awesome/fonts/fontawesome-webfont3e6e.woff]
[materialadmin.thememinister.com/admin/assets/plugins/malihu-custom-scrollbar/mCSB_buttons.png]
[materialadmin.thememinister.com/admin/assets/plugins/malihu-custom-scrollbar/jquery.mCustomScrollbar.css]
[materialadmin.thememinister.com/admin/assets/dist/css/stylematerial.css]
[materialadmin.thememinister.com/admin/assets/plugins/tingle/dist/tingle.js]
[materialadmin.thememinister.com/admin/assets/plugins/ssi-modal/ssi-modal.min.js]
[materialadmin.thememinister.com/admin/assets/plugins/bootstrap-toggle/js/bootstrap-toggle.min.js]
[materialadmin.thememinister.com/admin/assets/plugins/tooltipsy/tooltipsy.min.js]
[materialadmin.thememinister.com/admin/assets/dist/img/imgs/1.jpg]
[materialadmin.thememinister.com/admin/assets/dist/img/imgs/2.jpg]
[materialadmin.thememinister.com/admin/assets/dist/img/imgs/3.jpg]
[materialadmin.thememinister.com/admin/mailbox.html]
[materialadmin.thememinister.com/admin/assets/dist/img/imgs/4.jpg]
[materialadmin.thememinister.com/admin/assets/dist/img/imgs/5.jpg]
[materialadmin.thememinister.com/admin/maildetails-2.html]
[materialadmin.thememinister.com/admin/assets/dist/img/imgs/7.jpg]
[materialadmin.thememinister.com/admin/assets/plugins/dropzone/dropzone.min.css]
[materialadmin.thememinister.com/admin/assets/dist/img/imgs/6.jpg]
[materialadmin.thememinister.com/admin/assets/plugins/lightbox2/dist/js/lightbox-plus-jquery.min.js]
[materialadmin.thememinister.com/admin/editor1.html]
[materialadmin.thememinister.com/admin/assets/plugins/images-grid/src/images-grid.js]
[materialadmin.thememinister.com/admin/assets/plugins/OwlCarousel2/dist/owl.carousel.min.js]
[materialadmin.thememinister.com/admin/assets/plugins/mervick-emojionearea/dist/emojionearea.min.css]
[materialadmin.thememinister.com/admin/assets/plugins/jquery-bxslider/jquery.bxslider.min.js]
[materialadmin.thememinister.com/admin/assets/plugins/jQuery-tagEditor/jquery.tag-editor.css]
[materialadmin.thememinister.com/admin/assets/plugins/datamaps/d3.min.js]
[materialadmin.thememinister.com/admin/assets/plugins/datamaps/topojson.min.js]
[materialadmin.thememinister.com/admin/assets/plugins/datatables/dataTables.min.css]
[materialadmin.thememinister.com/admin/assets/plugins/datamaps/datamaps.all.min.js]
[materialadmin.thememinister.com/admin/assets/plugins/tabellajs/dist/assets/css/tabella.css]
[materialadmin.thememinister.com/admin/assets/plugins/jvectormap/jquery-jvectormap-2.0.3.min.js]
[materialadmin.thememinister.com/admin/assets/plugins/jvectormap/jquery-jvectormap-world-mill-en.js]
[materialadmin.thememinister.com/admin/assets/plugins/notify/css/notify.css]
[materialadmin.thememinister.com/admin/assets/plugins/jvectormap/jquery-jvectormap-asia-mill.js]
[materialadmin.thememinister.com/admin/assets/plugins/notify/css/prettify.css]
[materialadmin.thememinister.com/admin/assets/plugins/jvectormap/jquery-jvectormap-europe-mill.js]
[materialadmin.thememinister.com/admin/assets/plugins/flot/jquery.flot.min.js]
[materialadmin.thememinister.com/admin/assets/plugins/iziToast/dist/css/iziToast.min.css]
[materialadmin.thememinister.com/admin/assets/plugins/flot/jquery.flot.pie.min.js]
[materialadmin.thememinister.com/admin/assets/plugins/sweetalert2/dist/sweetalert2.min.css]
[materialadmin.thememinister.com/admin/assets/plugins/fullcalendar/lib/moment.min.js]
[materialadmin.thememinister.com/admin/assets/plugins/fullcalendar/fullcalendar.min.js]
[materialadmin.thememinister.com/admin/assets/dist/img/bac.jpg]
[materialadmin.thememinister.com/admin/assets/plugins/jquery-ui-1.12.1/images/ui-icons_444444_256x240.png]
[materialadmin.thememinister.com/admin/assets/plugins/NotificationStyles/fonts/codropsicons/codropsicons.c2.delayed]
[materialadmin.thememinister.com/admin/assets/plugins/jquery-ui-1.12.1/images/ui-icons_555555_256x240.png]
[materialadmin.thememinister.com/admin/assets/plugins/jquery-ui-1.12.1/images/ui-icons_ffffff_256x240.png]
[materialadmin.thememinister.com/admin/assets/plugins/NotificationStyles/fonts/codropsicons/codropsiconsd41d.eot]
[materialadmin.thememinister.com/admin/assets/plugins/jquery-ui-1.12.1/images/ui-icons_777620_256x240.png]
[materialadmin.thememinister.com/admin/assets/plugins/jquery-ui-1.12.1/images/ui-icons_cc0000_256x240.png]
[materialadmin.thememinister.com/admin/assets/plugins/NotificationStyles/fonts/codropsicons/codropsicons.woff]
[materialadmin.thememinister.com/admin/assets/plugins/jquery-ui-1.12.1/images/ui-icons_777777_256x240.png]
[materialadmin.thememinister.com/admin/assets/plugins/materialize/fonts/roboto/Roboto-Thin.eot]
[materialadmin.thememinister.com/admin/assets/plugins/NotificationStyles/fonts/codropsicons/codropsicons.ttf]
[materialadmin.thememinister.com/admin/assets/plugins/materialize/fonts/roboto/Roboto-Thin.woff]
[placehold.it/700x400.png]
[materialadmin.thememinister.com/admin/assets/plugins/materialize/fonts/roboto/Roboto-Thind41d.eot]
[materialadmin.thememinister.com/admin/assets/plugins/NotificationStyles/fonts/codropsicons/codropsicons.svg]
[materialadmin.thememinister.com/admin/assets/plugins/materialize/fonts/roboto/Roboto-Thin.ttf]
[materialadmin.thememinister.com/admin/assets/plugins/materialize/fonts/roboto/Roboto-Light.eot]
[materialadmin.thememinister.com/admin/assets/plugins/NotificationStyles/fonts/linecons/lineconsba9e.eot]
[materialadmin.thememinister.com/admin/assets/plugins/materialize/fonts/roboto/Roboto-Lightd41d.eot]
[materialadmin.thememinister.com/admin/assets/plugins/materialize/fonts/roboto/Roboto-Light.woff]
[materialadmin.thememinister.com/admin/assets/plugins/NotificationStyles/fonts/linecons/lineconsd41d.eot]
[materialadmin.thememinister.com/admin/assets/plugins/materialize/fonts/roboto/Roboto-Light.ttf]
[materialadmin.thememinister.com/admin/assets/plugins/materialize/fonts/roboto/Roboto-Regular.eot]
[materialadmin.thememinister.com/admin/assets/plugins/NotificationStyles/fonts/linecons/lineconsba9e.woff]
[materialadmin.thememinister.com/admin/assets/plugins/materialize/fonts/roboto/Roboto-Regular.ttf]
[materialadmin.thememinister.com/admin/assets/plugins/materialize/fonts/roboto/Roboto-Regular.woff]
[materialadmin.thememinister.com/admin/assets/plugins/NotificationStyles/fonts/linecons/linecons.caba9e.delayed]
[materialadmin.thememinister.com/admin/assets/plugins/materialize/fonts/roboto/Roboto-Medium.eot]
[materialadmin.thememinister.com/admin/assets/plugins/materialize/fonts/roboto/Roboto-Mediumd41d.eot]
[materialadmin.thememinister.com/admin/assets/plugins/materialize/fonts/roboto/Roboto-Regulard41d.eot]
[materialadmin.thememinister.com/admin/assets/plugins/materialize/fonts/roboto/Roboto-Medium.woff]
[materialadmin.thememinister.com/admin/assets/plugins/NotificationStyles/css/demo.css]
[materialadmin.thememinister.com/admin/assets/plugins/NotificationStyles/css/ns-default.css]
[materialadmin.thememinister.com/admin/assets/plugins/NotificationStyles/css/ns-style-growl.css]
[materialadmin.thememinister.com/admin/assets/plugins/NotificationStyles/fonts/linecons/lineconsba9e.svg]
[materialadmin.thememinister.com/admin/assets/plugins/materialize/fonts/roboto/Roboto-Medium.ttf]
[materialadmin.thememinister.com/admin/assets/plugins/NotificationStyles/css/ns-style-attached.css]
[materialadmin.thememinister.com/admin/assets/plugins/NotificationStyles/css/ns-style-bar.css]
[materialadmin.thememinister.com/admin/assets/plugins/materialize/fonts/roboto/Roboto-Bold.eot]
[materialadmin.thememinister.com/admin/assets/plugins/materialize/fonts/roboto/Roboto-Boldd41d.eot]
[materialadmin.thememinister.com/admin/assets/plugins/materialize/fonts/roboto/Roboto-Bold.woff]
[materialadmin.thememinister.com/admin/assets/plugins/NotificationStyles/css/ns-style-other.css]
[materialadmin.thememinister.com/admin/assets/plugins/toastr/toastr.css]
[materialadmin.thememinister.com/admin/assets/plugins/tingle/dist/tingle.css]
[materialadmin.thememinister.com/admin/assets/plugins/materialize/fonts/roboto/Roboto-Bold.ttf]
[materialadmin.thememinister.com/admin/assets/bootstrap/fonts/glyphicons-halflings-regular.eot]
[materialadmin.thememinister.com/admin/assets/bootstrap/fonts/glyphicons-halflings-regulard41d.eot]
[materialadmin.thememinister.com/admin/assets/bootstrap/fonts/glyphicons-halflings-regular.woff]
[materialadmin.thememinister.com/admin/assets/plugins/ssi-modal/images/sprite.cc.delayed]
[materialadmin.thememinister.com/admin/assets/bootstrap/fonts/glyphicons-halflings-regular.ttf]
[materialadmin.thememinister.com/admin/assets/font-awesome/fonts/fontawesome-webfont3e6e.eot]
[materialadmin.thememinister.com/admin/assets/plugins/ssi-modal/images/loader.gif]
[materialadmin.thememinister.com/admin/assets/font-awesome/fonts/fontawesome-webfontd41d.eot]
[materialadmin.thememinister.com/admin/assets/plugins/ssi-modal/ssi-modal.css]
[materialadmin.thememinister.com/admin/assets/plugins/bootstrap-toggle/css/bootstrap-toggle.min.css]
[materialadmin.thememinister.com/admin/assets/font-awesome/fonts/fontawesome-webfont3e6e.woff]
[materialadmin.thememinister.com/admin/assets/font-awesome/fonts/fontawesome-webfont3e6e.ttf]
[materialadmin.thememinister.com/admin/assets/plugins/malihu-custom-scrollbar/mCSB_buttons.png]
[materialadmin.thememinister.com/admin/assets/plugins/NotificationStyles/fonts/linecons/lineconsba9e.eot]
[materialadmin.thememinister.com/admin/assets/plugins/NotificationStyles/fonts/linecons/lineconsd41d.eot]
[materialadmin.thememinister.com/admin/assets/plugins/NotificationStyles/fonts/linecons/lineconsba9e.woff]
[materialadmin.thememinister.com/admin/assets/plugins/images-grid/src/images-grid.css]
[materialadmin.thememinister.com/admin/assets/plugins/images-grid/src/img/imgs-grid-icons.png]
[materialadmin.thememinister.com/admin/assets/plugins/NotificationStyles/fonts/linecons/lineconsba9e.ttf]
[materialadmin.thememinister.com/admin/assets/plugins/lightbox2/dist/images/close.png]
[materialadmin.thememinister.com/admin/assets/plugins/lightbox2/dist/images/loading.gif]
[materialadmin.thememinister.com/admin/assets/plugins/lightbox2/dist/images/close.png]
[materialadmin.thememinister.com/admin/assets/plugins/lightbox2/dist/images/loading.gif]
[materialadmin.thememinister.com/admin/assets/plugins/lightbox2/dist/images/prev.png]
[materialadmin.thememinister.com/admin/assets/plugins/lightbox2/dist/css/lightbox.min.css]
[materialadmin.thememinister.com/admin/assets/plugins/lightbox2/dist/images/next.png]
[materialadmin.thememinister.com/admin/assets/plugins/OwlCarousel2/dist/assets/owl.carousel.min.css]
[materialadmin.thememinister.com/admin/assets/plugins/OwlCarousel2/dist/assets/owl.theme.default.css]
[materialadmin.thememinister.com/admin/assets/plugins/OwlCarousel2/dist/assets/owl.video.play.png]
[materialadmin.thememinister.com/admin/assets/plugins/jquery-bxslider/images/bx_loader.gif]
[materialadmin.thememinister.com/admin/assets/plugins/jquery-bxslider/jquery.bxslider.css]
[materialadmin.thememinister.com/admin/assets/plugins/jquery-bxslider/images/controls.png]
[materialadmin.thememinister.com/admin/assets/plugins/jvectormap/jquery-jvectormap-2.0.3.css]
[materialadmin.thememinister.com/admin/assets/plugins/fullcalendar/fullcalendar.min.css]
[materialadmin.thememinister.com/admin/assets/plugins/fullcalendar/fullcalendar.print.min.css]
[materialadmin.thememinister.com/admin/assets/img/ico/favicon.html]
[materialadmin.thememinister.com/admin/assets/plugins/materialize/fonts/roboto/Roboto-Thin.html]
[materialadmin.thememinister.com/admin/assets/plugins/materialize/fonts/roboto/Roboto-Light.html]
[materialadmin.thememinister.com/admin/assets/plugins/materialize/fonts/roboto/Roboto-Regular.html]
[materialadmin.thememinister.com/admin/assets/plugins/materialize/fonts/roboto/Roboto-Medium.html]
[materialadmin.thememinister.com/admin/assets/plugins/materialize/fonts/roboto/Roboto-Bold.html]
[materialadmin.thememinister.com/admin/assets/bootstrap/fonts/glyphicons-halflings-regular.html]
[materialadmin.thememinister.com/admin/assets/bootstrap/fonts/glyphicons-halflings-regular.svg]
[materialadmin.thememinister.com/admin/assets/font-awesome/fonts/fontawesome-webfont3e6e.html]
[materialadmin.thememinister.com/admin/assets/font-awesome/fonts/fontawesome-webfont3e6e.svg]
[materialadmin.thememinister.com/admin/assets/plugins/NotificationStyles/fonts/codropsicons/codropsicons.html]
[materialadmin.thememinister.com/admin/assets/plugins/NotificationStyles/fonts/codropsicons/codropsiconsd41d.html]
[materialadmin.thememinister.com/admin/assets/plugins/NotificationStyles/fonts/codropsicons/codropsicons-2.html]
[materialadmin.thememinister.com/admin/assets/plugins/NotificationStyles/fonts/codropsicons/codropsicons-3.html]
[materialadmin.thememinister.com/admin/assets/plugins/NotificationStyles/fonts/codropsicons/codropsicons-4.html]
[materialadmin.thememinister.com/admin/assets/plugins/NotificationStyles/fonts/linecons/lineconsba9e.svg]
[materialadmin.thememinister.com/admin/assets/plugins/ssi-modal/images/sprite.html]
[materialadmin.thememinister.com/admin/assets/plugins/ssi-modal/images/loader.html]
